// Jest Snapshot v1, https://goo.gl/fbAQLP

exports[`Form Content should render correctly 1`] = `
<div>
  <div
    className="MuiPaper-root MuiCard-root makeStyles-content-1 MuiPaper-elevation1 MuiPaper-rounded"
  >
    <div
      className="MuiCardContent-root"
    >
      <h3>
        Meet fellow Googlers 
        <em>
          now
        </em>
        !
      </h3>
      <p>
        Miss bumping into new faces at the office? Want an easy, fun, spontaneous way of meeting Googlers virtually? Now you can!
      </p>
      <p>
        Ad-lib matches you with a fellow Googler in the queue, notifies you through email when youâ€™ve been matched, and adds an event to your Calendar with a Meet link for you to join immediately! It also provides a starter question to get the conversation flowing!
      </p>
    </div>
  </div>
</div>
`;
