// Jest Snapshot v1, https://goo.gl/fbAQLP

exports[`Match Preferences Radio Group should render correctly 1`] = `
<fieldset
  className="MuiFormControl-root"
>
  <div
    aria-label="matchPreference"
    className="MuiFormGroup-root MuiFormGroup-row"
    defaultValue="none"
    role="radiogroup"
  >
    <label
      className="MuiFormControlLabel-root"
    >
      <span
        aria-disabled={false}
        className="MuiButtonBase-root MuiIconButton-root PrivateSwitchBase-root-1 MuiRadio-root MuiRadio-colorPrimary MuiIconButton-colorPrimary"
        onBlur={[Function]}
        onDragLeave={[Function]}
        onFocus={[Function]}
        onKeyDown={[Function]}
        onKeyUp={[Function]}
        onMouseDown={[Function]}
        onMouseLeave={[Function]}
        onMouseUp={[Function]}
        onTouchEnd={[Function]}
        onTouchMove={[Function]}
        onTouchStart={[Function]}
        tabIndex={null}
      >
        <span
          className="MuiIconButton-label"
        >
          <input
            checked={false}
            className="PrivateSwitchBase-input-4"
            disabled={false}
            name="matchPreference"
            onChange={[Function]}
            type="radio"
            value="similar"
          />
          <div
            className="PrivateRadioButtonIcon-root-5"
          >
            <svg
              aria-hidden={true}
              className="MuiSvgIcon-root"
              focusable="false"
              viewBox="0 0 24 24"
            >
              <path
                d="M12 2C6.48 2 2 6.48 2 12s4.48 10 10 10 10-4.48 10-10S17.52 2 12 2zm0 18c-4.42 0-8-3.58-8-8s3.58-8 8-8 8 3.58 8 8-3.58 8-8 8z"
              />
            </svg>
            <svg
              aria-hidden={true}
              className="MuiSvgIcon-root PrivateRadioButtonIcon-layer-6"
              focusable="false"
              viewBox="0 0 24 24"
            >
              <path
                d="M8.465 8.465C9.37 7.56 10.62 7 12 7C14.76 7 17 9.24 17 12C17 13.38 16.44 14.63 15.535 15.535C14.63 16.44 13.38 17 12 17C9.24 17 7 14.76 7 12C7 10.62 7.56 9.37 8.465 8.465Z"
              />
            </svg>
          </div>
        </span>
      </span>
      <span
        className="MuiTypography-root MuiFormControlLabel-label MuiTypography-body1"
      >
        Similar Googler
      </span>
    </label>
    <label
      className="MuiFormControlLabel-root"
    >
      <span
        aria-disabled={false}
        className="MuiButtonBase-root MuiIconButton-root PrivateSwitchBase-root-1 MuiRadio-root MuiRadio-colorPrimary PrivateSwitchBase-checked-2 Mui-checked MuiIconButton-colorPrimary"
        onBlur={[Function]}
        onDragLeave={[Function]}
        onFocus={[Function]}
        onKeyDown={[Function]}
        onKeyUp={[Function]}
        onMouseDown={[Function]}
        onMouseLeave={[Function]}
        onMouseUp={[Function]}
        onTouchEnd={[Function]}
        onTouchMove={[Function]}
        onTouchStart={[Function]}
        tabIndex={null}
      >
        <span
          className="MuiIconButton-label"
        >
          <input
            checked={true}
            className="PrivateSwitchBase-input-4"
            disabled={false}
            name="matchPreference"
            onChange={[Function]}
            type="radio"
            value="none"
          />
          <div
            className="PrivateRadioButtonIcon-root-5 PrivateRadioButtonIcon-checked-7"
          >
            <svg
              aria-hidden={true}
              className="MuiSvgIcon-root"
              focusable="false"
              viewBox="0 0 24 24"
            >
              <path
                d="M12 2C6.48 2 2 6.48 2 12s4.48 10 10 10 10-4.48 10-10S17.52 2 12 2zm0 18c-4.42 0-8-3.58-8-8s3.58-8 8-8 8 3.58 8 8-3.58 8-8 8z"
              />
            </svg>
            <svg
              aria-hidden={true}
              className="MuiSvgIcon-root PrivateRadioButtonIcon-layer-6"
              focusable="false"
              viewBox="0 0 24 24"
            >
              <path
                d="M8.465 8.465C9.37 7.56 10.62 7 12 7C14.76 7 17 9.24 17 12C17 13.38 16.44 14.63 15.535 15.535C14.63 16.44 13.38 17 12 17C9.24 17 7 14.76 7 12C7 10.62 7.56 9.37 8.465 8.465Z"
              />
            </svg>
          </div>
        </span>
      </span>
      <span
        className="MuiTypography-root MuiFormControlLabel-label MuiTypography-body1"
      >
        No Preference
      </span>
    </label>
    <label
      className="MuiFormControlLabel-root"
    >
      <span
        aria-disabled={false}
        className="MuiButtonBase-root MuiIconButton-root PrivateSwitchBase-root-1 MuiRadio-root MuiRadio-colorPrimary MuiIconButton-colorPrimary"
        onBlur={[Function]}
        onDragLeave={[Function]}
        onFocus={[Function]}
        onKeyDown={[Function]}
        onKeyUp={[Function]}
        onMouseDown={[Function]}
        onMouseLeave={[Function]}
        onMouseUp={[Function]}
        onTouchEnd={[Function]}
        onTouchMove={[Function]}
        onTouchStart={[Function]}
        tabIndex={null}
      >
        <span
          className="MuiIconButton-label"
        >
          <input
            checked={false}
            className="PrivateSwitchBase-input-4"
            disabled={false}
            name="matchPreference"
            onChange={[Function]}
            type="radio"
            value="different"
          />
          <div
            className="PrivateRadioButtonIcon-root-5"
          >
            <svg
              aria-hidden={true}
              className="MuiSvgIcon-root"
              focusable="false"
              viewBox="0 0 24 24"
            >
              <path
                d="M12 2C6.48 2 2 6.48 2 12s4.48 10 10 10 10-4.48 10-10S17.52 2 12 2zm0 18c-4.42 0-8-3.58-8-8s3.58-8 8-8 8 3.58 8 8-3.58 8-8 8z"
              />
            </svg>
            <svg
              aria-hidden={true}
              className="MuiSvgIcon-root PrivateRadioButtonIcon-layer-6"
              focusable="false"
              viewBox="0 0 24 24"
            >
              <path
                d="M8.465 8.465C9.37 7.56 10.62 7 12 7C14.76 7 17 9.24 17 12C17 13.38 16.44 14.63 15.535 15.535C14.63 16.44 13.38 17 12 17C9.24 17 7 14.76 7 12C7 10.62 7.56 9.37 8.465 8.465Z"
              />
            </svg>
          </div>
        </span>
      </span>
      <span
        className="MuiTypography-root MuiFormControlLabel-label MuiTypography-body1"
      >
        Different Googler
      </span>
    </label>
  </div>
</fieldset>
`;
