// Jest Snapshot v1, https://goo.gl/fbAQLP

exports[`Product Area Dropdown should render correctly 1`] = `
<div>
  <div
    className="MuiFormControl-root"
    style={
      Object {
        "width": 180,
      }
    }
  >
    <label
      className="MuiFormLabel-root MuiInputLabel-root MuiInputLabel-formControl MuiInputLabel-animated"
      data-shrink={false}
      id="productArea"
    >
      Product Area
    </label>
    <div
      className="MuiInputBase-root MuiInput-root MuiInput-underline MuiInputBase-formControl MuiInput-formControl"
      onClick={[Function]}
    >
      <div
        aria-haspopup="listbox"
        aria-label="productArea"
        aria-labelledby="productArea-input"
        className="MuiSelect-root MuiSelect-select MuiSelect-selectMenu MuiInputBase-input MuiInput-input"
        id="productArea-input"
        onBlur={[Function]}
        onFocus={[Function]}
        onKeyDown={[Function]}
        onMouseDown={[Function]}
        role="button"
        tabIndex={0}
      >
        <span
          dangerouslySetInnerHTML={
            Object {
              "__html": "&#8203;",
            }
          }
        />
      </div>
      <input
        aria-hidden={true}
        className="MuiSelect-nativeInput"
        name="productArea"
        onAnimationStart={[Function]}
        onChange={[Function]}
        required={false}
        tabIndex={-1}
      />
      <svg
        aria-hidden={true}
        className="MuiSvgIcon-root MuiSelect-icon"
        focusable="false"
        viewBox="0 0 24 24"
      >
        <path
          d="M7 10l5 5 5-5z"
        />
      </svg>
    </div>
  </div>
</div>
`;
