// Jest Snapshot v1, https://goo.gl/fbAQLP

exports[`Role Dropdown should render correctly 1`] = `
<div>
  <div
    className="MuiFormControl-root"
    style={
      Object {
        "width": 180,
      }
    }
  >
    <label
      className="MuiFormLabel-root MuiInputLabel-root MuiInputLabel-formControl MuiInputLabel-animated"
      data-shrink={false}
      id="role"
    >
      Role
    </label>
    <div
      className="MuiInputBase-root MuiInput-root MuiInput-underline MuiInputBase-formControl MuiInput-formControl"
      onClick={[Function]}
    >
      <div
        aria-haspopup="listbox"
        aria-label="role"
        aria-labelledby="role-input"
        className="MuiSelect-root MuiSelect-select MuiSelect-selectMenu MuiInputBase-input MuiInput-input"
        id="role-input"
        onBlur={[Function]}
        onFocus={[Function]}
        onKeyDown={[Function]}
        onMouseDown={[Function]}
        role="button"
        tabIndex={0}
      >
        <span
          dangerouslySetInnerHTML={
            Object {
              "__html": "&#8203;",
            }
          }
        />
      </div>
      <input
        aria-hidden={true}
        className="MuiSelect-nativeInput"
        name="role"
        onAnimationStart={[Function]}
        onChange={[Function]}
        required={false}
        tabIndex={-1}
        value=""
      />
      <svg
        aria-hidden={true}
        className="MuiSvgIcon-root MuiSelect-icon"
        focusable="false"
        viewBox="0 0 24 24"
      >
        <path
          d="M7 10l5 5 5-5z"
        />
      </svg>
    </div>
  </div>
</div>
------------HTML PREVIEW---------------
<div>
  <div
    class="MuiFormControl-root"
    style="width:180px;"
  >
    <label
      class="MuiFormLabel-root MuiInputLabel-root MuiInputLabel-formControl MuiInputLabel-animated"
      id="role"
    >
      Role
    </label>
    <div class="MuiInputBase-root MuiInput-root MuiInput-underline MuiInputBase-formControl MuiInput-formControl">
      <div
        aria-haspopup="listbox"
        aria-label="role"
        aria-labelledby="role-input"
        class="MuiSelect-root MuiSelect-select MuiSelect-selectMenu MuiInputBase-input MuiInput-input"
        id="role-input"
        role="button"
      >
        <span></span>
      </div>
      <input
        aria-hidden
        class="MuiSelect-nativeInput"
        name="role"
        value=""
      >
      <svg
        aria-hidden
        class="MuiSvgIcon-root MuiSelect-icon"
        focusable="false"
        viewBox="0 0 24 24"
      >
        <path d="M7 10l5 5 5-5z"></path>
      </svg>
    </div>
  </div>
</div>
`;
